../Core/Src/motion_sensors.c:34:5:initSensors	16	static
../Core/Src/motion_sensors.c:134:6:MOTION_SENSORS_GetGyro	16	static
../Core/Src/motion_sensors.c:143:6:MOTION_SENSORS_GetAccel	16	static
../Core/Src/motion_sensors.c:152:6:MOTION_SENSORS_UpdateData	8	static
../Core/Src/motion_sensors.c:168:6:MOTION_SENSORS_Integrate	24	static
../Core/Src/motion_sensors.c:179:6:MOTION_SENSORS_CalculateAccelAngles	8	static
../Core/Src/motion_sensors.c:195:10:GetRotationalMatrix	32	static
../Core/Src/motion_sensors.c:228:6:ConvertGyroDataToWorldFrame	16	static
../Core/Src/motion_sensors.c:247:6:ApplyComplementaryFilter	32	static
../Core/Src/motion_sensors.c:258:6:ConvertComplemetedAnglesToDegrees	8	static
../Core/Src/motion_sensors.c:265:6:MOTION_SENSORS_Calibrate	4	static
